Microchip MPLAB XC8 Compiler V2.40

Linker command line:

-W-3 --edf=/Applications/microchip/xc8/v2.40/pic/dat/20220703182018_en.msgs \
  -cn -h+dist/default/production/light-sensor-v1.X.production.sym \
  --cmf=dist/default/production/light-sensor-v1.X.production.cmf -z \
  -Q16F18425 -o/tmp/xc7PXfQXn --defsym=__MPLAB_BUILD=1 \
  --fixupoverflow=error \
  -Mdist/default/production/light-sensor-v1.X.production.map \
  --md=/tmp/xcnRyXDFg.dat -E1 -ver=XC8 Compiler --acfsm=1493 \
  -ACODE=00h-07FFhx4 -ASTRCODE=00h-01FFFh -ASTRING=00h-0FFhx32 \
  -ACONST=00h-0FFhx32 -AENTRY=00h-0FFhx32 -ACOMMON=070h-07Fh \
  -ABANK0=020h-06Fh -ABANK1=0A0h-0EFh -ABANK2=0120h-016Fh \
  -ABANK3=01A0h-01EFh -ABANK4=0220h-026Fh -ABANK5=02A0h-02EFh \
  -ABANK6=0320h-036Fh -ABANK7=03A0h-03EFh -ABANK8=0420h-046Fh \
  -ABANK9=04A0h-04EFh -ABANK10=0520h-056Fh -ABANK11=05A0h-05EFh \
  -ABANK12=0620h-064Fh -ABIGRAM=02000h-023EFh \
  -ARAM=020h-06Fh,0A0h-0EFh,0120h-016Fh,01A0h-01EFh,0220h-026Fh,02A0h-02EFh,0320h-036Fh,03A0h-03EFh,0420h-046Fh,04A0h-04EFh,0520h-056Fh,05A0h-05EFh,0620h-064Fh \
  -AABS1=020h-07Fh,0A0h-0EFh,0120h-016Fh,01A0h-01EFh,0220h-026Fh,02A0h-02EFh,0320h-036Fh,03A0h-03EFh,0420h-046Fh,04A0h-04EFh,0520h-056Fh,05A0h-05EFh,0620h-064Fh \
  -ASFR0=00h-01Fh -ASFR1=080h-09Fh -ASFR2=0100h-011Fh -ASFR3=0180h-019Fh \
  -ASFR4=0200h-021Fh -ASFR5=0280h-029Fh -ASFR6=0300h-031Fh \
  -ASFR7=0380h-039Fh -ASFR8=0400h-041Fh -ASFR9=0480h-049Fh \
  -ASFR10=0500h-051Fh -ASFR11=0580h-059Fh -ASFR12=0600h-061Fh \
  -ASFR13=0680h-06EFh -ASFR14=0700h-076Fh -ASFR15=0780h-07EFh \
  -ASFR16=0800h-086Fh -ASFR17=0880h-08EFh -ASFR18=0900h-096Fh \
  -ASFR19=0980h-09EFh -ASFR20=0A00h-0A6Fh -ASFR21=0A80h-0AEFh \
  -ASFR22=0B00h-0B6Fh -ASFR23=0B80h-0BEFh -ASFR24=0C00h-0C6Fh \
  -ASFR25=0C80h-0CEFh -ASFR26=0D00h-0D6Fh -ASFR27=0D80h-0DEFh \
  -ASFR28=0E00h-0E6Fh -ASFR29=0E80h-0EEFh -ASFR30=0F00h-0F6Fh \
  -ASFR31=0F80h-0FEFh -ASFR32=01000h-0106Fh -ASFR33=01080h-010EFh \
  -ASFR34=01100h-0116Fh -ASFR35=01180h-011EFh -ASFR36=01200h-0126Fh \
  -ASFR37=01280h-012EFh -ASFR38=01300h-0136Fh -ASFR39=01380h-013EFh \
  -ASFR40=01400h-0146Fh -ASFR41=01480h-014EFh -ASFR42=01500h-0156Fh \
  -ASFR43=01580h-015EFh -ASFR44=01600h-0166Fh -ASFR45=01680h-016EFh \
  -ASFR46=01700h-0176Fh -ASFR47=01780h-017EFh -ASFR48=01800h-0186Fh \
  -ASFR49=01880h-018EFh -ASFR50=01900h-0196Fh -ASFR51=01980h-019EFh \
  -ASFR52=01A00h-01A6Fh -ASFR53=01A80h-01AEFh -ASFR54=01B00h-01B6Fh \
  -ASFR55=01B80h-01BEFh -ASFR56=01C00h-01C6Fh -ASFR57=01C80h-01CEFh \
  -ASFR58=01D00h-01D6Fh -ASFR59=01D80h-01DEFh -ASFR60=01E00h-01E6Fh \
  -ASFR61=01E80h-01EEFh -ASFR62=01F00h-01F6Fh -ASFR63=01F80h-01FEFh \
  -ACONFIG=08007h-0800Bh -DCONFIG=2 -AIDLOC=08000h-08003h -DIDLOC=2 \
  -AEEDATA=00h-0FFh/0F000h -peeprom_data=EEDATA -DEEDATA=2 -DCODE=2 \
  -DSTRCODE=2 -DSTRING=2 -DCONST=2 -DENTRY=2 \
  -preset_vec=00h,intentry=04h,init,end_init -ppowerup=CODE -pcinit=CODE \
  -pfunctab=ENTRY -k /tmp/xcbYuP2OG.o \
  dist/default/production/light-sensor-v1.X.production.o 

Object code version is 3.11

Machine type is 16F18425



                Name                               Link     Load   Length Selector   Space Scale
/tmp/xcbYuP2OG.o
                end_init                             20       20        2        8       0
                reset_vec                             0        0        2        0       0
                config                             8007     8007        5        0       4
                idloc                              8000     8000        4        0       5
dist/default/production/light-sensor-v1.X.production.o
                cinit                                22       22       24        8       0
                intentry                              4        4       1C        8       0
                config                             8007     8007        5        0       4
                idloc                              8000     8000        4        0       5
                text60                              E72      E72       50     1CE4       0
                text58                              926      926        6     124C       0
                text57                              92C      92C        6     1258       0
                text56                              932      932        6     1264       0
                text55                              BBB      BBB       22     1776       0
                text54                              94B      94B        9     1296       0
                text53                              BFF      BFF       2B     17FE       0
                text52                              96F      96F        A     12DE       0
                text51                              979      979        A     12F2       0
                text50                              AC0      AC0       1D     1580       0
                text49                              954      954        9     12A8       0
                text48                              9A2      9A2        C     1344       0
                text47                              9AE      9AE        C     135C       0
                text46                              A2F      A2F       14     145E       0
                text45                              B58      B58       21     16B0       0
                text44                              B79      B79       21     16F2       0
                text43                              A6F      A6F       1B     14DE       0
                text42                              C5C      C5C       34     18B8       0
                text41                              D66      D66       3D     1ACC       0
                text40                              CC4      CC4       35     1988       0
                text39                              B38      B38       20     1670       0
                text38                              9E6      9E6       12     13CC       0
                text37                              983      983        A     1306       0
                text36                              938      938        6     1270       0
                text35                               46       46      246        8       0
                text34                              DA3      DA3       45     1B46       0
                text33                              C2A      C2A       32     1854       0
                text32                              9D5      9D5       11     13AA       0
                text31                              A8A      A8A       1B     1514       0
                text30                              95D      95D        9     12BA       0
                text29                              B9A      B9A       21     1734       0
                text28                              7D7      7D7       27      EBC       0
                text27                              944      944        7     1288       0
                text26                              AA5      AA5       1B     154A       0
                text25                              BDD      BDD       22     17BA       0
                text24                              997      997        B     132E       0
                text23                              F87      F87       79     1F0E       0
                text22                              75E      75E       79      EBC       0
                text21                              AFA      AFA       1F     15F4       0
                text20                              F17      F17       70     1E2E       0
                text19                              EC2      EC2       55     1D84       0
                text18                              D2F      D2F       37     1A5E       0
                text17                              9F8      9F8       12     13F0       0
                text16                              56B      56B       C7        8       0
                text15                              98D      98D        A     131A       0
                text14                              A43      A43       14     1486       0
                text13                              9C7      9C7        E     138E       0
                text12                              B19      B19       1F     1632       0
                text11                              966      966        9     12CC       0
                text10                              CF9      CF9       36     19F2       0
                text9                               DE8      DE8       45     1BD0       0
                text8                               E2D      E2D       45     1C5A       0
                text7                               C90      C90       34     1920       0
                text6                               A0A      A0A       12     1414       0
                text5                               ADD      ADD       1D     15BA       0
                text4                               A57      A57       18     14AE       0
                text3                               A1C      A1C       13     1438       0
                text2                               461      461      10A        8       0
                text1                               9BA      9BA        D     1374       0
                maintext                            28C      28C      1D5        8       0
                cstackBANK0                          20       20       3E       20       1
                cstackCOMMON                         70       70        6       70       1
                cstackBANK1                          A0       A0       21       A0       1
                clrtext                             93E      93E        6     127C       0
                bssBANK2                            120      120       40      120       1
                bssBANK1                             C1       C1        4       A0       1
                dataBANK0                            6F       6F        1       20       1
                bssBANK0                             5E       5E        B       20       1
                dataCOMMON                           79       79        1       70       1
                bssCOMMON                            76       76        3       70       1
                stringtext25                       11B2     11B2        3     2000       0
                stringtext24                       11AE     11AE        4     2000       0
                stringtext23                       11A8     11A8        6     2000       0
                stringtext22                       11A2     11A2        6     2000       0
                stringtext21                       119C     119C        6     2000       0
                stringtext20                       1195     1195        7     2000       0
                stringtext19                       1184     1184        9     2000       0
                stringtext18                       117B     117B        9     2000       0
                stringtext17                       1166     1166        B     2000       0
                stringtext16                       1155     1155       11     2000       0
                stringtext15                       1144     1144       11     2000       0
                stringtext14                       1133     1133       11     2000       0
                stringtext13                       111E     111E       15     2000       0
                stringtext12                       1106     1106       18     2000       0
                stringtext11                       10E5     10E5       21     2000       0
                stringtext10                       10C4     10C4       21     2000       0
                stringtext9                        10A3     10A3       21     2000       0
                stringtext8                        1081     1081       22     2000       0
                stringtext7                        1056     1056       2B     2000       0
                stringtext6                        102B     102B       2B     2000       0
                stringtext5                        1000     1000       2B     2000       0
                stringtext4                         6CA      6CA       94      C64       0
                stringtext3                         632      632       98      C64       0
                nvBANK0                              69       69        6       20       1
                stringtext2                        118D     118D        8     2000       0
                stringtext1                        1171     1171        A     2000       0
                idataBANK0                          7FF      7FF        1      EBC       0
                idataCOMMON                         7FE      7FE        1      EBC       0

TOTAL           Name                               Link     Load   Length     Space
        CLASS   CODE           
                end_init                             20       20        2         0
                cinit                                22       22       24         0
                intentry                              4        4       1C         0
                reset_vec                             0        0        2         0
                text60                              E72      E72       50         0
                text58                              926      926        6         0
                text57                              92C      92C        6         0
                text56                              932      932        6         0
                text55                              BBB      BBB       22         0
                text54                              94B      94B        9         0
                text53                              BFF      BFF       2B         0
                text52                              96F      96F        A         0
                text51                              979      979        A         0
                text50                              AC0      AC0       1D         0
                text49                              954      954        9         0
                text48                              9A2      9A2        C         0
                text47                              9AE      9AE        C         0
                text46                              A2F      A2F       14         0
                text45                              B58      B58       21         0
                text44                              B79      B79       21         0
                text43                              A6F      A6F       1B         0
                text42                              C5C      C5C       34         0
                text41                              D66      D66       3D         0
                text40                              CC4      CC4       35         0
                text39                              B38      B38       20         0
                text38                              9E6      9E6       12         0
                text37                              983      983        A         0
                text36                              938      938        6         0
                text35                               46       46      246         0
                text34                              DA3      DA3       45         0
                text33                              C2A      C2A       32         0
                text32                              9D5      9D5       11         0
                text31                              A8A      A8A       1B         0
                text30                              95D      95D        9         0
                text29                              B9A      B9A       21         0
                text28                              7D7      7D7       27         0
                text27                              944      944        7         0
                text26                              AA5      AA5       1B         0
                text25                              BDD      BDD       22         0
                text24                              997      997        B         0
                text23                              F87      F87       79         0
                text22                              75E      75E       79         0
                text21                              AFA      AFA       1F         0
                text20                              F17      F17       70         0
                text19                              EC2      EC2       55         0
                text18                              D2F      D2F       37         0
                text17                              9F8      9F8       12         0
                text16                              56B      56B       C7         0
                text15                              98D      98D        A         0
                text14                              A43      A43       14         0
                text13                              9C7      9C7        E         0
                text12                              B19      B19       1F         0
                text11                              966      966        9         0
                text10                              CF9      CF9       36         0
                text9                               DE8      DE8       45         0
                text8                               E2D      E2D       45         0
                text7                               C90      C90       34         0
                text6                               A0A      A0A       12         0
                text5                               ADD      ADD       1D         0
                text4                               A57      A57       18         0
                text3                               A1C      A1C       13         0
                text2                               461      461      10A         0
                text1                               9BA      9BA        D         0
                maintext                            28C      28C      1D5         0
                clrtext                             93E      93E        6         0
                idataBANK0                          7FF      7FF        1         0
                idataCOMMON                         7FE      7FE        1         0

        CLASS   STRCODE        
                stringtext25                       11B2     11B2        3         0
                stringtext24                       11AE     11AE        4         0
                stringtext23                       11A8     11A8        6         0
                stringtext22                       11A2     11A2        6         0
                stringtext21                       119C     119C        6         0
                stringtext20                       1195     1195        7         0
                stringtext19                       1184     1184        9         0
                stringtext18                       117B     117B        9         0
                stringtext17                       1166     1166        B         0
                stringtext16                       1155     1155       11         0
                stringtext15                       1144     1144       11         0
                stringtext14                       1133     1133       11         0
                stringtext13                       111E     111E       15         0
                stringtext12                       1106     1106       18         0
                stringtext11                       10E5     10E5       21         0
                stringtext10                       10C4     10C4       21         0
                stringtext9                        10A3     10A3       21         0
                stringtext8                        1081     1081       22         0
                stringtext7                        1056     1056       2B         0
                stringtext6                        102B     102B       2B         0
                stringtext5                        1000     1000       2B         0
                stringtext4                         6CA      6CA       94         0
                stringtext3                         632      632       98         0
                stringtext2                        118D     118D        8         0
                stringtext1                        1171     1171        A         0

        CLASS   STRING         

        CLASS   CONST          

        CLASS   ENTRY          

        CLASS   COMMON         
                cstackCOMMON                         70       70        6         1
                dataCOMMON                           79       79        1         1
                bssCOMMON                            76       76        3         1

        CLASS   BANK0          
                cstackBANK0                          20       20       3E         1
                dataBANK0                            6F       6F        1         1
                bssBANK0                             5E       5E        B         1
                nvBANK0                              69       69        6         1

        CLASS   BANK1          
                cstackBANK1                          A0       A0       21         1
                bssBANK1                             C1       C1        4         1

        CLASS   BANK2          
                bssBANK2                            120      120       40         1

        CLASS   BANK3          

        CLASS   BANK4          

        CLASS   BANK5          

        CLASS   BANK6          

        CLASS   BANK7          

        CLASS   BANK8          

        CLASS   BANK9          

        CLASS   BANK10         

        CLASS   BANK11         

        CLASS   BANK12         

        CLASS   BIGRAM         

        CLASS   RAM            

        CLASS   ABS1           
                abs_s1                               7E       7E        2         1

        CLASS   SFR0           

        CLASS   SFR1           

        CLASS   SFR2           

        CLASS   SFR3           

        CLASS   SFR4           

        CLASS   SFR5           

        CLASS   SFR6           

        CLASS   SFR7           

        CLASS   SFR8           

        CLASS   SFR9           

        CLASS   SFR10          

        CLASS   SFR11          

        CLASS   SFR12          

        CLASS   SFR13          

        CLASS   SFR14          

        CLASS   SFR15          

        CLASS   SFR16          

        CLASS   SFR17          

        CLASS   SFR18          

        CLASS   SFR19          

        CLASS   SFR20          

        CLASS   SFR21          

        CLASS   SFR22          

        CLASS   SFR23          

        CLASS   SFR24          

        CLASS   SFR25          

        CLASS   SFR26          

        CLASS   SFR27          

        CLASS   SFR28          

        CLASS   SFR29          

        CLASS   SFR30          

        CLASS   SFR31          

        CLASS   SFR32          

        CLASS   SFR33          

        CLASS   SFR34          

        CLASS   SFR35          

        CLASS   SFR36          

        CLASS   SFR37          

        CLASS   SFR38          

        CLASS   SFR39          

        CLASS   SFR40          

        CLASS   SFR41          

        CLASS   SFR42          

        CLASS   SFR43          

        CLASS   SFR44          

        CLASS   SFR45          

        CLASS   SFR46          

        CLASS   SFR47          

        CLASS   SFR48          

        CLASS   SFR49          

        CLASS   SFR50          

        CLASS   SFR51          

        CLASS   SFR52          

        CLASS   SFR53          

        CLASS   SFR54          

        CLASS   SFR55          

        CLASS   SFR56          

        CLASS   SFR57          

        CLASS   SFR58          

        CLASS   SFR59          

        CLASS   SFR60          

        CLASS   SFR61          

        CLASS   SFR62          

        CLASS   SFR63          

        CLASS   CONFIG         
                config                             8007     8007        5         4

        CLASS   IDLOC          
                idloc                              8000     8000        4         5

        CLASS   EEDATA         

        CLASS   BANK63         

        CLASS   BANK62         

        CLASS   BANK61         

        CLASS   BANK60         

        CLASS   BANK59         

        CLASS   BANK58         

        CLASS   BANK57         

        CLASS   BANK56         

        CLASS   BANK55         

        CLASS   BANK54         

        CLASS   BANK53         

        CLASS   BANK52         

        CLASS   BANK51         

        CLASS   BANK50         

        CLASS   BANK49         

        CLASS   BANK48         

        CLASS   BANK47         

        CLASS   BANK46         

        CLASS   BANK45         

        CLASS   BANK44         

        CLASS   BANK43         

        CLASS   BANK42         

        CLASS   BANK41         

        CLASS   BANK40         

        CLASS   BANK39         

        CLASS   BANK38         

        CLASS   BANK37         

        CLASS   BANK36         

        CLASS   BANK35         

        CLASS   BANK34         

        CLASS   BANK33         

        CLASS   BANK32         

        CLASS   BANK31         

        CLASS   BANK30         

        CLASS   BANK29         

        CLASS   BANK28         

        CLASS   BANK27         

        CLASS   BANK26         

        CLASS   BANK25         

        CLASS   BANK24         

        CLASS   BANK23         

        CLASS   BANK22         

        CLASS   BANK21         

        CLASS   BANK20         

        CLASS   BANK19         

        CLASS   BANK18         

        CLASS   BANK17         

        CLASS   BANK16         

        CLASS   BANK15         

        CLASS   BANK14         

        CLASS   BANK13         

        CLASS   HEAP           

        CLASS   STACK          



SEGMENTS        Name                           Load    Length   Top    Selector   Space  Class     Delta

                text17                         0009F8  000012  000A0A      13F0       0  CODE        2
                text6                          000A0A  000012  000A1C      1414       0  CODE        2
                text38                         0009E6  000012  0009F8      13CC       0  CODE        2
                reset_vec                      000000  000002  000002         0       0  CODE        2
                text3                          000A1C  000013  000A2F      1438       0  CODE        2
                text32                         0009D5  000011  0009E6      13AA       0  CODE        2
                text13                         0009C7  00000E  0009D5      138E       0  CODE        2
                text46                         000A2F  000014  000A43      145E       0  CODE        2
                text14                         000A43  000014  000A57      1486       0  CODE        2
                text48                         0009A2  00000C  0009AE      1344       0  CODE        2
                text47                         0009AE  00000C  0009BA      135C       0  CODE        2
                text1                          0009BA  00000D  0009C7      1374       0  CODE        2
                text26                         000AA5  00001B  000AC0      154A       0  CODE        2
                text50                         000AC0  00001D  000ADD      1580       0  CODE        2
                text31                         000A8A  00001B  000AA5      1514       0  CODE        2
                text4                          000A57  000018  000A6F      14AE       0  CODE        2
                text43                         000A6F  00001B  000A8A      14DE       0  CODE        2
                text24                         000997  00000B  0009A2      132E       0  CODE        2
                text15                         00098D  00000A  000997      131A       0  CODE        2
                text52                         00096F  00000A  000979      12DE       0  CODE        2
                text11                         000966  000009  00096F      12CC       0  CODE        2
                text37                         000983  00000A  00098D      1306       0  CODE        2
                text51                         000979  00000A  000983      12F2       0  CODE        2
                text5                          000ADD  00001D  000AFA      15BA       0  CODE        2
                text45                         000B58  000021  000B79      16B0       0  CODE        2
                text39                         000B38  000020  000B58      1670       0  CODE        2
                text55                         000BBB  000022  000BDD      1776       0  CODE        2
                text44                         000B79  000021  000B9A      16F2       0  CODE        2
                text29                         000B9A  000021  000BBB      1734       0  CODE        2
                text21                         000AFA  00001F  000B19      15F4       0  CODE        2
                text12                         000B19  00001F  000B38      1632       0  CODE        2
                clrtext                        00093E  000006  000944      127C       0  CODE        2
                text58                         000926  000006  00092C      124C       0  CODE        2
                text36                         000938  000006  00093E      1270       0  CODE        2
                text57                         00092C  000006  000932      1258       0  CODE        2
                text56                         000932  000006  000938      1264       0  CODE        2
                text54                         00094B  000009  000954      1296       0  CODE        2
                text49                         000954  000009  00095D      12A8       0  CODE        2
                text27                         000944  000007  00094B      1288       0  CODE        2
                text30                         00095D  000009  000966      12BA       0  CODE        2
                text25                         000BDD  000022  000BFF      17BA       0  CODE        2
                intentry                       000004  00062E  000632         8       0  CODE        2
                cstackCOMMON                   000070  00000A  00007A        70       1  COMMON      1
                cstackBANK1                    0000A0  000025  0000C5        A0       1  BANK1       1
                cstackBANK0                    000020  000050  000070        20       1  BANK0       1
                bssBANK2                       000120  000040  000160       120       1  BANK2       1
                text40                         000CC4  000035  000CF9      1988       0  CODE        2
                text7                          000C90  000034  000CC4      1920       0  CODE        2
                text10                         000CF9  000036  000D2F      19F2       0  CODE        2
                text41                         000D66  00003D  000DA3      1ACC       0  CODE        2
                text18                         000D2F  000037  000D66      1A5E       0  CODE        2
                text53                         000BFF  00002B  000C2A      17FE       0  CODE        2
                stringtext5                    001000  0001B5  0011B5      2000       0  STRCODE     2
                text42                         000C5C  000034  000C90      18B8       0  CODE        2
                text33                         000C2A  000032  000C5C      1854       0  CODE        2
                text23                         000F87  000079  001000      1F0E       0  CODE        2
                text20                         000F17  000070  000F87      1E2E       0  CODE        2
                text22                         00075E  0000A2  000800       EBC       0  CODE        2
                stringtext3                    000632  00012C  00075E       C64       0  STRCODE     2
                text9                          000DE8  000045  000E2D      1BD0       0  CODE        2
                text34                         000DA3  000045  000DE8      1B46       0  CODE        2
                text8                          000E2D  000045  000E72      1C5A       0  CODE        2
                text19                         000EC2  000055  000F17      1D84       0  CODE        2
                text60                         000E72  000050  000EC2      1CE4       0  CODE        2


UNUSED ADDRESS RANGES

        Name                Unused          Largest block    Delta
        BANK1            000C5-000EF              2B           1
        BANK10           00520-0056F              50           1
        BANK11           005A0-005EF              50           1
        BANK12           00620-0064F              30           1
        BANK2            00160-0016F              10           1
        BANK3            001A0-001EF              50           1
        BANK4            00220-0026F              50           1
        BANK5            002A0-002EF              50           1
        BANK6            00320-0036F              50           1
        BANK7            003A0-003EF              50           1
        BANK8            00420-0046F              50           1
        BANK9            004A0-004EF              50           1
        BIGRAM           02000-023EF             3F0           1
        CODE             00002-00003               2           2
                         00800-00925             126
                         011B5-01FFF             64B
        COMMON           0007A-0007D               4           1
        CONST            00002-00003               2           2
                         00800-00925             100
                         011B5-01FFF             100
        EEDATA           0F000-0F0FF             100           2
        ENTRY            00002-00003               2           2
                         00800-00925             100
                         011B5-01FFF             100
        RAM              000C5-000EF              2B           1
                         00160-0016F              10
                         001A0-001EF              50
                         00220-0026F              50
                         002A0-002EF              50
                         00320-0036F              50
                         003A0-003EF              50
                         00420-0046F              50
                         004A0-004EF              50
                         00520-0056F              50
                         005A0-005EF              50
                         00620-0064F              30
        SFR0             00000-0001F              20           1
        SFR1             00080-0009F              20           1
        SFR10            00500-0051F              20           1
        SFR11            00580-0059F              20           1
        SFR12            00600-0061F              20           1
        SFR13            00680-006EF              70           1
        SFR14            00700-0076F              70           1
        SFR15            00780-007EF              70           1
        SFR16            00800-0086F              70           1
        SFR17            00880-008EF              70           1
        SFR18            00900-0096F              70           1
        SFR19            00980-009EF              70           1
        SFR2             00100-0011F              20           1
        SFR20            00A00-00A6F              70           1
        SFR21            00A80-00AEF              70           1
        SFR22            00B00-00B6F              70           1
        SFR23            00B80-00BEF              70           1
        SFR24            00C00-00C6F              70           1
        SFR25            00C80-00CEF              70           1
        SFR26            00D00-00D6F              70           1
        SFR27            00D80-00DEF              70           1
        SFR28            00E00-00E6F              70           1
        SFR29            00E80-00EEF              70           1
        SFR3             00180-0019F              20           1
        SFR30            00F00-00F6F              70           1
        SFR31            00F80-00FEF              70           1
        SFR32            01000-0106F              70           1
        SFR33            01080-010EF              70           1
        SFR34            01100-0116F              70           1
        SFR35            01180-011EF              70           1
        SFR36            01200-0126F              70           1
        SFR37            01280-012EF              70           1
        SFR38            01300-0136F              70           1
        SFR39            01380-013EF              70           1
        SFR4             00200-0021F              20           1
        SFR40            01400-0146F              70           1
        SFR41            01480-014EF              70           1
        SFR42            01500-0156F              70           1
        SFR43            01580-015EF              70           1
        SFR44            01600-0166F              70           1
        SFR45            01680-016EF              70           1
        SFR46            01700-0176F              70           1
        SFR47            01780-017EF              70           1
        SFR48            01800-0186F              70           1
        SFR49            01880-018EF              70           1
        SFR5             00280-0029F              20           1
        SFR50            01900-0196F              70           1
        SFR51            01980-019EF              70           1
        SFR52            01A00-01A6F              70           1
        SFR53            01A80-01AEF              70           1
        SFR54            01B00-01B6F              70           1
        SFR55            01B80-01BEF              70           1
        SFR56            01C00-01C6F              70           1
        SFR57            01C80-01CEF              70           1
        SFR58            01D00-01D6F              70           1
        SFR59            01D80-01DEF              70           1
        SFR6             00300-0031F              20           1
        SFR60            01E00-01E6F              70           1
        SFR61            01E80-01EEF              70           1
        SFR62            01F00-01F6F              70           1
        SFR63            01F80-01FEF              70           1
        SFR7             00380-0039F              20           1
        SFR8             00400-0041F              20           1
        SFR9             00480-0049F              20           1
        STRCODE          00002-00003               2           2
                         00800-00925             126
                         011B5-01FFF             E4B
        STRING           00002-00003               2           2
                         00800-00925             100
                         011B5-01FFF             100

                                  Symbol Table

?___lmul                                        cstackBANK0  00020
?___lwdiv                                       cstackBANK0  00020
?___lwmod                                       cstackBANK0  00027
?___wmul                                        cstackBANK0  00020
?_calculate_diff                                cstackBANK0  00020
?_get_channel_data                              cstackBANK0  00022
?_get_ticks_with_lock                           cstackBANK0  00020
?_printf                                        cstackBANK0  0002C
?_readSpectralDataOne                           cstackBANK0  0002D
?_readSpectralDataTwo                           cstackBANK0  0002D
?_strtol                                        cstackBANK0  0002C
EUSART1_SetErrorHandler@interruptHandler        cstackCOMMON 00074
EUSART1_SetFramingErrorHandler@interruptHandler cstackCOMMON 00074
EUSART1_SetOverrunErrorHandler@interruptHandler cstackCOMMON 00074
EUSART1_Write@txData                            cstackCOMMON 00074
I2C_Read@a                                      cstackCOMMON 00074
I2C_Read@temp                                   cstackCOMMON 00075
I2C_Write@data                                  cstackCOMMON 00074
_ACKDT2                                         (abs)        00CDD
_ACKEN2                                         (abs)        00CDC
_ANSELA                                         (abs)        01F38
_ANSELC                                         (abs)        01F4E
_ANSELCbits                                     (abs)        01F4E
_BAUD1CON                                       (abs)        0011F
_EUSART1_DefaultErrorHandler                    (abs)        00000
_EUSART1_DefaultFramingErrorHandler             (abs)        00000
_EUSART1_DefaultOverrunErrorHandler             (abs)        00000
_EUSART1_ErrorHandler                           nvBANK0      00069
_EUSART1_FramingErrorHandler                    nvBANK0      0006D
_EUSART1_Initialize                             text55       00BBB
_EUSART1_OverrunErrorHandler                    nvBANK0      0006B
_EUSART1_SetErrorHandler                        text58       00926
_EUSART1_SetFramingErrorHandler                 text57       0092C
_EUSART1_SetOverrunErrorHandler                 text56       00932
_EUSART1_Write                                  text37       00983
_GIE                                            (abs)        0005F
_I2C_Read                                       text50       00AC0
_I2C_Start                                      text49       00954
_I2C_Stop                                       text47       009AE
_I2C_Wait                                       text48       009A2
_I2C_Write                                      text46       00A2F
_INLVLA                                         (abs)        01F3C
_INLVLC                                         (abs)        01F52
_INTCONbits                                     (abs)        0000B
_INTERRUPT_InterruptManager                     intentry     00004
_LATA                                           (abs)        00018
_LATC                                           (abs)        0001A
_ODCONA                                         (abs)        01F3A
_ODCONC                                         (abs)        01F50
_OSCCON1                                        (abs)        0088D
_OSCCON3                                        (abs)        0088F
_OSCEN                                          (abs)        00891
_OSCFRQ                                         (abs)        00893
_OSCILLATOR_Initialize                          text54       0094B
_OSCTUNE                                        (abs)        00892
_PIE0bits                                       (abs)        00716
_PIE3bits                                       (abs)        00719
_PIN_MANAGER_Initialize                         text53       00BFF
_PIR0bits                                       (abs)        0070C
_PIR3bits                                       (abs)        0070F
_PMD0                                           (abs)        00796
_PMD1                                           (abs)        00797
_PMD2                                           (abs)        00798
_PMD3                                           (abs)        00799
_PMD4                                           (abs)        0079A
_PMD5                                           (abs)        0079B
_PMD6                                           (abs)        0079C
_PMD7                                           (abs)        0079D
_PMD_Initialize                                 text52       0096F
_RA5PPS                                         (abs)        01F15
_RC0PPS                                         (abs)        01F20
_RC1PPS                                         (abs)        01F21
_RC1REG                                         (abs)        00119
_RC1STA                                         (abs)        0011D
_RC1STAbits                                     (abs)        0011D
_RC4PPS                                         (abs)        01F24
_RC5PPS                                         (abs)        01F25
_SLRCONA                                        (abs)        01F3B
_SLRCONC                                        (abs)        01F51
_SP1BRGH                                        (abs)        0011C
_SP1BRGL                                        (abs)        0011B
_SSP1ADD                                        (abs)        0018D
_SSP1BUF                                        (abs)        0018C
_SSP1CLKPPS                                     (abs)        01EC5
_SSP1CON1                                       (abs)        00190
_SSP1CON1bits                                   (abs)        00190
_SSP1CON2                                       (abs)        00191
_SSP1CON2bits                                   (abs)        00191
_SSP1DATPPS                                     (abs)        01EC6
_SSP1MSK                                        (abs)        0018E
_SSP1STAT                                       (abs)        0018F
_SSP1STATbits                                   (abs)        0018F
_SSP2ADD                                        (abs)        00197
_SSP2BUF                                        (abs)        00196
_SSP2CLKPPS                                     (abs)        01EC8
_SSP2CON1                                       (abs)        0019A
_SSP2CON2                                       (abs)        0019B
_SSP2CON2bits                                   (abs)        0019B
_SSP2DATPPS                                     (abs)        01EC9
_SSP2STAT                                       (abs)        00199
_SYSTEM_Initialize                              text51       00979
_T0CON0                                         (abs)        0059E
_T0CON1                                         (abs)        0059F
_TMR0H                                          (abs)        0059D
_TMR0L                                          (abs)        0059C
_TRISA                                          (abs)        00012
_TRISC                                          (abs)        00014
_TRISCbits                                      (abs)        00014
_TX1REG                                         (abs)        0011A
_TX1STA                                         (abs)        0011E
_TX1STAbits                                     (abs)        0011E
_WPUA                                           (abs)        01F39
_WPUC                                           (abs)        01F4F
__Habs1                                         abs1         00000
__Hbank0                                        bank0        00000
__Hbank1                                        bank1        00000
__Hbank10                                       bank10       00000
__Hbank11                                       bank11       00000
__Hbank12                                       bank12       00000
__Hbank13                                       bank13       00000
__Hbank14                                       bank14       00000
__Hbank15                                       bank15       00000
__Hbank16                                       bank16       00000
__Hbank17                                       bank17       00000
__Hbank18                                       bank18       00000
__Hbank19                                       bank19       00000
__Hbank2                                        bank2        00000
__Hbank20                                       bank20       00000
__Hbank21                                       bank21       00000
__Hbank22                                       bank22       00000
__Hbank23                                       bank23       00000
__Hbank24                                       bank24       00000
__Hbank25                                       bank25       00000
__Hbank26                                       bank26       00000
__Hbank27                                       bank27       00000
__Hbank28                                       bank28       00000
__Hbank29                                       bank29       00000
__Hbank3                                        bank3        00000
__Hbank30                                       bank30       00000
__Hbank31                                       bank31       00000
__Hbank32                                       bank32       00000
__Hbank33                                       bank33       00000
__Hbank34                                       bank34       00000
__Hbank35                                       bank35       00000
__Hbank36                                       bank36       00000
__Hbank37                                       bank37       00000
__Hbank38                                       bank38       00000
__Hbank39                                       bank39       00000
__Hbank4                                        bank4        00000
__Hbank40                                       bank40       00000
__Hbank41                                       bank41       00000
__Hbank42                                       bank42       00000
__Hbank43                                       bank43       00000
__Hbank44                                       bank44       00000
__Hbank45                                       bank45       00000
__Hbank46                                       bank46       00000
__Hbank47                                       bank47       00000
__Hbank48                                       bank48       00000
__Hbank49                                       bank49       00000
__Hbank5                                        bank5        00000
__Hbank50                                       bank50       00000
__Hbank51                                       bank51       00000
__Hbank52                                       bank52       00000
__Hbank53                                       bank53       00000
__Hbank54                                       bank54       00000
__Hbank55                                       bank55       00000
__Hbank56                                       bank56       00000
__Hbank57                                       bank57       00000
__Hbank58                                       bank58       00000
__Hbank59                                       bank59       00000
__Hbank6                                        bank6        00000
__Hbank60                                       bank60       00000
__Hbank61                                       bank61       00000
__Hbank62                                       bank62       00000
__Hbank63                                       bank63       00000
__Hbank7                                        bank7        00000
__Hbank8                                        bank8        00000
__Hbank9                                        bank9        00000
__Hbigram                                       bigram       00000
__HbssBANK0                                     bssBANK0     00000
__HbssBANK1                                     bssBANK1     00000
__HbssBANK2                                     bssBANK2     00000
__HbssCOMMON                                    bssCOMMON    00000
__Hcinit                                        cinit        00046
__Hclrtext                                      clrtext      00000
__Hcode                                         code         00000
__Hcommon                                       common       00000
__Hconfig                                       config       0800C
__HcstackBANK0                                  cstackBANK0  00000
__HcstackBANK1                                  cstackBANK1  00000
__HcstackCOMMON                                 cstackCOMMON 00000
__HdataBANK0                                    dataBANK0    00000
__HdataCOMMON                                   dataCOMMON   00000
__Heeprom_data                                  eeprom_data  00000
__Hend_init                                     end_init     00022
__Hfunctab                                      functab      00000
__Hheap                                         heap         00000
__HidataBANK0                                   idataBANK0   00000
__HidataCOMMON                                  idataCOMMON  00000
__Hidloc                                        idloc        08004
__Hinit                                         init         00020
__Hintentry                                     intentry     00020
__Hmaintext                                     maintext     00000
__HnvBANK0                                      nvBANK0      00000
__Hpowerup                                      powerup      00000
__Hram                                          ram          00000
__Hreset_vec                                    reset_vec    00002
__Hsfr0                                         sfr0         00000
__Hsfr1                                         sfr1         00000
__Hsfr10                                        sfr10        00000
__Hsfr11                                        sfr11        00000
__Hsfr12                                        sfr12        00000
__Hsfr13                                        sfr13        00000
__Hsfr14                                        sfr14        00000
__Hsfr15                                        sfr15        00000
__Hsfr16                                        sfr16        00000
__Hsfr17                                        sfr17        00000
__Hsfr18                                        sfr18        00000
__Hsfr19                                        sfr19        00000
__Hsfr2                                         sfr2         00000
__Hsfr20                                        sfr20        00000
__Hsfr21                                        sfr21        00000
__Hsfr22                                        sfr22        00000
__Hsfr23                                        sfr23        00000
__Hsfr24                                        sfr24        00000
__Hsfr25                                        sfr25        00000
__Hsfr26                                        sfr26        00000
__Hsfr27                                        sfr27        00000
__Hsfr28                                        sfr28        00000
__Hsfr29                                        sfr29        00000
__Hsfr3                                         sfr3         00000
__Hsfr30                                        sfr30        00000
__Hsfr31                                        sfr31        00000
__Hsfr32                                        sfr32        00000
__Hsfr33                                        sfr33        00000
__Hsfr34                                        sfr34        00000
__Hsfr35                                        sfr35        00000
__Hsfr36                                        sfr36        00000
__Hsfr37                                        sfr37        00000
__Hsfr38                                        sfr38        00000
__Hsfr39                                        sfr39        00000
__Hsfr4                                         sfr4         00000
__Hsfr40                                        sfr40        00000
__Hsfr41                                        sfr41        00000
__Hsfr42                                        sfr42        00000
__Hsfr43                                        sfr43        00000
__Hsfr44                                        sfr44        00000
__Hsfr45                                        sfr45        00000
__Hsfr46                                        sfr46        00000
__Hsfr47                                        sfr47        00000
__Hsfr48                                        sfr48        00000
__Hsfr49                                        sfr49        00000
__Hsfr5                                         sfr5         00000
__Hsfr50                                        sfr50        00000
__Hsfr51                                        sfr51        00000
__Hsfr52                                        sfr52        00000
__Hsfr53                                        sfr53        00000
__Hsfr54                                        sfr54        00000
__Hsfr55                                        sfr55        00000
__Hsfr56                                        sfr56        00000
__Hsfr57                                        sfr57        00000
__Hsfr58                                        sfr58        00000
__Hsfr59                                        sfr59        00000
__Hsfr6                                         sfr6         00000
__Hsfr60                                        sfr60        00000
__Hsfr61                                        sfr61        00000
__Hsfr62                                        sfr62        00000
__Hsfr63                                        sfr63        00000
__Hsfr7                                         sfr7         00000
__Hsfr8                                         sfr8         00000
__Hsfr9                                         sfr9         00000
__Hspace_0                                      (abs)        011B5
__Hspace_1                                      (abs)        00160
__Hspace_2                                      (abs)        00000
__Hspace_3                                      (abs)        00000
__Hspace_4                                      (abs)        10013
__Hstack                                        stack        00000
__Hstrings                                      strings      00000
__Hstringtext1                                  stringtext1  00000
__Hstringtext10                                 stringtext10 00000
__Hstringtext11                                 stringtext11 00000
__Hstringtext12                                 stringtext12 00000
__Hstringtext13                                 stringtext13 00000
__Hstringtext14                                 stringtext14 00000
__Hstringtext15                                 stringtext15 00000
__Hstringtext16                                 stringtext16 00000
__Hstringtext17                                 stringtext17 00000
__Hstringtext18                                 stringtext18 00000
__Hstringtext19                                 stringtext19 00000
__Hstringtext2                                  stringtext2  00000
__Hstringtext20                                 stringtext20 00000
__Hstringtext21                                 stringtext21 00000
__Hstringtext22                                 stringtext22 00000
__Hstringtext23                                 stringtext23 00000
__Hstringtext24                                 stringtext24 00000
__Hstringtext25                                 stringtext25 00000
__Hstringtext26                                 stringtext26 00000
__Hstringtext3                                  stringtext3  00000
__Hstringtext4                                  stringtext4  00000
__Hstringtext5                                  stringtext5  00000
__Hstringtext6                                  stringtext6  00000
__Hstringtext7                                  stringtext7  00000
__Hstringtext8                                  stringtext8  00000
__Hstringtext9                                  stringtext9  00000
__Htext                                         text         00000
__Labs1                                         abs1         00000
__Lbank0                                        bank0        00000
__Lbank1                                        bank1        00000
__Lbank10                                       bank10       00000
__Lbank11                                       bank11       00000
__Lbank12                                       bank12       00000
__Lbank13                                       bank13       00000
__Lbank14                                       bank14       00000
__Lbank15                                       bank15       00000
__Lbank16                                       bank16       00000
__Lbank17                                       bank17       00000
__Lbank18                                       bank18       00000
__Lbank19                                       bank19       00000
__Lbank2                                        bank2        00000
__Lbank20                                       bank20       00000
__Lbank21                                       bank21       00000
__Lbank22                                       bank22       00000
__Lbank23                                       bank23       00000
__Lbank24                                       bank24       00000
__Lbank25                                       bank25       00000
__Lbank26                                       bank26       00000
__Lbank27                                       bank27       00000
__Lbank28                                       bank28       00000
__Lbank29                                       bank29       00000
__Lbank3                                        bank3        00000
__Lbank30                                       bank30       00000
__Lbank31                                       bank31       00000
__Lbank32                                       bank32       00000
__Lbank33                                       bank33       00000
__Lbank34                                       bank34       00000
__Lbank35                                       bank35       00000
__Lbank36                                       bank36       00000
__Lbank37                                       bank37       00000
__Lbank38                                       bank38       00000
__Lbank39                                       bank39       00000
__Lbank4                                        bank4        00000
__Lbank40                                       bank40       00000
__Lbank41                                       bank41       00000
__Lbank42                                       bank42       00000
__Lbank43                                       bank43       00000
__Lbank44                                       bank44       00000
__Lbank45                                       bank45       00000
__Lbank46                                       bank46       00000
__Lbank47                                       bank47       00000
__Lbank48                                       bank48       00000
__Lbank49                                       bank49       00000
__Lbank5                                        bank5        00000
__Lbank50                                       bank50       00000
__Lbank51                                       bank51       00000
__Lbank52                                       bank52       00000
__Lbank53                                       bank53       00000
__Lbank54                                       bank54       00000
__Lbank55                                       bank55       00000
__Lbank56                                       bank56       00000
__Lbank57                                       bank57       00000
__Lbank58                                       bank58       00000
__Lbank59                                       bank59       00000
__Lbank6                                        bank6        00000
__Lbank60                                       bank60       00000
__Lbank61                                       bank61       00000
__Lbank62                                       bank62       00000
__Lbank63                                       bank63       00000
__Lbank7                                        bank7        00000
__Lbank8                                        bank8        00000
__Lbank9                                        bank9        00000
__Lbigram                                       bigram       00000
__LbssBANK0                                     bssBANK0     00000
__LbssBANK1                                     bssBANK1     00000
__LbssBANK2                                     bssBANK2     00000
__LbssCOMMON                                    bssCOMMON    00000
__Lcinit                                        cinit        00022
__Lclrtext                                      clrtext      00000
__Lcode                                         code         00000
__Lcommon                                       common       00000
__Lconfig                                       config       00000
__LcstackBANK0                                  cstackBANK0  00000
__LcstackBANK1                                  cstackBANK1  00000
__LcstackCOMMON                                 cstackCOMMON 00000
__LdataBANK0                                    dataBANK0    00000
__LdataCOMMON                                   dataCOMMON   00000
__Leeprom_data                                  eeprom_data  00000
__Lend_init                                     end_init     00020
__Lfunctab                                      functab      00000
__Lheap                                         heap         00000
__LidataBANK0                                   idataBANK0   00000
__LidataCOMMON                                  idataCOMMON  00000
__Lidloc                                        idloc        00000
__Linit                                         init         00020
__Lintentry                                     intentry     00004
__Lmaintext                                     maintext     00000
__LnvBANK0                                      nvBANK0      00000
__Lpowerup                                      powerup      00000
__Lram                                          ram          00000
__Lreset_vec                                    reset_vec    00000
__Lsfr0                                         sfr0         00000
__Lsfr1                                         sfr1         00000
__Lsfr10                                        sfr10        00000
__Lsfr11                                        sfr11        00000
__Lsfr12                                        sfr12        00000
__Lsfr13                                        sfr13        00000
__Lsfr14                                        sfr14        00000
__Lsfr15                                        sfr15        00000
__Lsfr16                                        sfr16        00000
__Lsfr17                                        sfr17        00000
__Lsfr18                                        sfr18        00000
__Lsfr19                                        sfr19        00000
__Lsfr2                                         sfr2         00000
__Lsfr20                                        sfr20        00000
__Lsfr21                                        sfr21        00000
__Lsfr22                                        sfr22        00000
__Lsfr23                                        sfr23        00000
__Lsfr24                                        sfr24        00000
__Lsfr25                                        sfr25        00000
__Lsfr26                                        sfr26        00000
__Lsfr27                                        sfr27        00000
__Lsfr28                                        sfr28        00000
__Lsfr29                                        sfr29        00000
__Lsfr3                                         sfr3         00000
__Lsfr30                                        sfr30        00000
__Lsfr31                                        sfr31        00000
__Lsfr32                                        sfr32        00000
__Lsfr33                                        sfr33        00000
__Lsfr34                                        sfr34        00000
__Lsfr35                                        sfr35        00000
__Lsfr36                                        sfr36        00000
__Lsfr37                                        sfr37        00000
__Lsfr38                                        sfr38        00000
__Lsfr39                                        sfr39        00000
__Lsfr4                                         sfr4         00000
__Lsfr40                                        sfr40        00000
__Lsfr41                                        sfr41        00000
__Lsfr42                                        sfr42        00000
__Lsfr43                                        sfr43        00000
__Lsfr44                                        sfr44        00000
__Lsfr45                                        sfr45        00000
__Lsfr46                                        sfr46        00000
__Lsfr47                                        sfr47        00000
__Lsfr48                                        sfr48        00000
__Lsfr49                                        sfr49        00000
__Lsfr5                                         sfr5         00000
__Lsfr50                                        sfr50        00000
__Lsfr51                                        sfr51        00000
__Lsfr52                                        sfr52        00000
__Lsfr53                                        sfr53        00000
__Lsfr54                                        sfr54        00000
__Lsfr55                                        sfr55        00000
__Lsfr56                                        sfr56        00000
__Lsfr57                                        sfr57        00000
__Lsfr58                                        sfr58        00000
__Lsfr59                                        sfr59        00000
__Lsfr6                                         sfr6         00000
__Lsfr60                                        sfr60        00000
__Lsfr61                                        sfr61        00000
__Lsfr62                                        sfr62        00000
__Lsfr63                                        sfr63        00000
__Lsfr7                                         sfr7         00000
__Lsfr8                                         sfr8         00000
__Lsfr9                                         sfr9         00000
__Lspace_0                                      (abs)        00000
__Lspace_1                                      (abs)        00000
__Lspace_2                                      (abs)        00000
__Lspace_3                                      (abs)        00000
__Lspace_4                                      (abs)        00000
__Lstack                                        stack        00000
__Lstrings                                      strings      00000
__Lstringtext1                                  stringtext1  00000
__Lstringtext10                                 stringtext10 00000
__Lstringtext11                                 stringtext11 00000
__Lstringtext12                                 stringtext12 00000
__Lstringtext13                                 stringtext13 00000
__Lstringtext14                                 stringtext14 00000
__Lstringtext15                                 stringtext15 00000
__Lstringtext16                                 stringtext16 00000
__Lstringtext17                                 stringtext17 00000
__Lstringtext18                                 stringtext18 00000
__Lstringtext19                                 stringtext19 00000
__Lstringtext2                                  stringtext2  00000
__Lstringtext20                                 stringtext20 00000
__Lstringtext21                                 stringtext21 00000
__Lstringtext22                                 stringtext22 00000
__Lstringtext23                                 stringtext23 00000
__Lstringtext24                                 stringtext24 00000
__Lstringtext25                                 stringtext25 00000
__Lstringtext26                                 stringtext26 00000
__Lstringtext3                                  stringtext3  00000
__Lstringtext4                                  stringtext4  00000
__Lstringtext5                                  stringtext5  00000
__Lstringtext6                                  stringtext6  00000
__Lstringtext7                                  stringtext7  00000
__Lstringtext8                                  stringtext8  00000
__Lstringtext9                                  stringtext9  00000
__Ltext                                         text         00000
__S0                                            (abs)        011B5
__S1                                            (abs)        00160
__S3                                            (abs)        00000
___heap_hi                                      (abs)        00000
___heap_lo                                      (abs)        00000
___int_sp                                       stack        00000
___latbits                                      (abs)        00002
___lmul                                         text7        00C90
___lmul@multiplicand                            cstackBANK0  00024
___lmul@multiplier                              cstackBANK0  00020
___lmul@product                                 cstackBANK0  00028
___lwdiv                                        text41       00D66
___lwdiv@counter                                cstackBANK0  00024
___lwdiv@dividend                               cstackBANK0  00022
___lwdiv@divisor                                cstackBANK0  00020
___lwdiv@quotient                               cstackBANK0  00025
___lwmod                                        text40       00CC4
___lwmod@counter                                cstackBANK0  0002B
___lwmod@dividend                               cstackBANK0  00029
___lwmod@divisor                                cstackBANK0  00027
___sp                                           stack        00000
___stackhi                                      (abs)        00000
___stacklo                                      (abs)        00000
___wmul                                         text39       00B38
___wmul@multiplicand                            cstackBANK0  00022
___wmul@multiplier                              cstackBANK0  00020
___wmul@product                                 cstackCOMMON 00074
__end_of_EUSART1_Initialize                     text55       00BDD
__end_of_EUSART1_SetErrorHandler                text58       0092C
__end_of_EUSART1_SetFramingErrorHandler         text57       00932
__end_of_EUSART1_SetOverrunErrorHandler         text56       00938
__end_of_EUSART1_Write                          text37       0098D
__end_of_I2C_Read                               text50       00ADD
__end_of_I2C_Start                              text49       0095D
__end_of_I2C_Stop                               text47       009BA
__end_of_I2C_Wait                               text48       009AE
__end_of_I2C_Write                              text46       00A43
__end_of_INTERRUPT_InterruptManager             intentry     00020
__end_of_OSCILLATOR_Initialize                  text54       00954
__end_of_PIN_MANAGER_Initialize                 text53       00C2A
__end_of_PMD_Initialize                         text52       00979
__end_of_SYSTEM_Initialize                      text51       00983
__end_of___lmul                                 text7        00CC4
__end_of___lwdiv                                text41       00DA3
__end_of___lwmod                                text40       00CF9
__end_of___wmul                                 text39       00B58
__end_of__initialization                        cinit        00042
__end_of_as7341_begin                           text29       00BBB
__end_of_as7341_config                          text28       007FE
__end_of_as7341_enableLED                       text42       00C90
__end_of_as7341_i2c_read                        text45       00B79
__end_of_as7341_i2c_write                       text44       00B9A
__end_of_as7341_init                            text33       00C5C
__end_of_as7341_power_enable                    text34       00DE8
__end_of_as7341_smux_cmd_config                 text27       0094B
__end_of_as7341_start_measurement               text20       00F87
__end_of_as7341_write_byte                      text24       009A2
__end_of_calculate_diff                         text19       00F17
__end_of_control_LED                            text18       00D66
__end_of_dpowers                                stringtext1  0117B
__end_of_dump_buffer                            text16       00632
__end_of_dump_memory_map                        text15       00997
__end_of_enable_smux                            text26       00AC0
__end_of_enable_sp_en                           text25       00BFF
__end_of_get_channel_data                       text10       00D2F
__end_of_get_ticks_with_lock                    text14       00A57
__end_of_hexpowers                              stringtext2  01195
__end_of_i2c_master_init                        text13       009D5
__end_of_i2c_slave_init                         text12       00B38
__end_of_i2c_slave_interrupt                    text60       00EC2
__end_of_i2c_slave_set_register                 text11       0096F
__end_of_isalpha                                text5        00AFA
__end_of_isdigit                                text38       009F8
__end_of_isprint                                text17       00A0A
__end_of_isspace                                text4        00A6F
__end_of_isupper                                text6        00A1C
__end_of_main                                   maintext     00461
__end_of_printf                                 text35       0028C
__end_of_putch                                  text36       0093E
__end_of_readSpectralDataOne                    text9        00E2D
__end_of_readSpectralDataTwo                    text8        00E72
__end_of_set_AGAIN                              text32       009E6
__end_of_set_ASTEP                              text31       00AA5
__end_of_set_ATIME                              text30       00966
__end_of_set_F1F4ClearNIR                       text23       01000
__end_of_set_F5F8ClearNIR                       text22       007D7
__end_of_set_GPIO_mode                          text21       00B19
__end_of_set_bank                               text43       00A8A
__end_of_strtol                                 text2        0056B
__end_of_tmr0_init                              text1        009C7
__end_of_toupper                                text3        00A2F
__initialization                                cinit        00022
__pbssBANK0                                     bssBANK0     0005E
__pbssBANK1                                     bssBANK1     000C1
__pbssBANK2                                     bssBANK2     00120
__pbssCOMMON                                    bssCOMMON    00076
__pcstackBANK0                                  cstackBANK0  00020
__pcstackBANK1                                  cstackBANK1  000A0
__pcstackCOMMON                                 cstackCOMMON 00070
__pdataBANK0                                    dataBANK0    0006F
[...]
__ptext13                                       text13       009C7
__ptext14                                       text14       00A43
__ptext15                                       text15       0098D
__ptext16                                       text16       0056B
__ptext17                                       text17       009F8
__ptext18                                       text18       00D2F
__ptext19                                       text19       00EC2
__ptext2                                        text2        00461
__ptext20                                       text20       00F17
__ptext21                                       text21       00AFA
__ptext22                                       text22       0075E
__ptext23                                       text23       00F87
__ptext24                                       text24       00997
__ptext25                                       text25       00BDD
__ptext26                                       text26       00AA5
__ptext27                                       text27       00944
__ptext28                                       text28       007D7
__ptext29                                       text29       00B9A
__ptext3                                        text3        00A1C
__ptext30                                       text30       0095D
__ptext31                                       text31       00A8A
__ptext32                                       text32       009D5
__ptext33                                       text33       00C2A
__ptext34                                       text34       00DA3
__ptext35                                       text35       00046
__ptext36                                       text36       00938
__ptext37                                       text37       00983
__ptext38                                       text38       009E6
__ptext39                                       text39       00B38
__ptext4                                        text4        00A57
__ptext40                                       text40       00CC4
__ptext41                                       text41       00D66
__ptext42                                       text42       00C5C
__ptext43                                       text43       00A6F
__ptext44                                       text44       00B79
__ptext45                                       text45       00B58
__ptext46                                       text46       00A2F
__ptext47                                       text47       009AE
__ptext48                                       text48       009A2
__ptext49                                       text49       00954
__ptext5                                        text5        00ADD
__ptext50                                       text50       00AC0
__ptext51                                       text51       00979
__ptext52                                       text52       0096F
__ptext53                                       text53       00BFF
__ptext54                                       text54       0094B
__ptext55                                       text55       00BBB
__ptext56                                       text56       00932
__ptext57                                       text57       0092C
__ptext58                                       text58       00926
__ptext6                                        text6        00A0A
__ptext60                                       text60       00E72
__ptext7                                        text7        00C90
__ptext8                                        text8        00E2D
__ptext9                                        text9        00DE8
_as7341_begin                                   text29       00B9A
_as7341_config                                  text28       007D7
_as7341_enableLED                               text42       00C5C
_as7341_i2c_read                                text45       00B58
_as7341_i2c_write                               text44       00B79
_as7341_init                                    text33       00C2A
_as7341_power_enable                            text34       00DA3
_as7341_power_enable$1184                       cstackBANK0  00051
_as7341_power_enable$1190                       cstackBANK0  00053
_as7341_smux_cmd_config                         text27       00944
_as7341_start_measurement                       text20       00F17
_as7341_write_byte                              text24       00997
_calculate_diff                                 text19       00EC2
_control_LED                                    text18       00D2F
_currentRegister                                bssCOMMON    00077
_currentState                                   bssCOMMON    00076
_dpowers                                        stringtext1  01171
_dump_buffer                                    text16       0056B
_dump_buffer$1020                               cstackBANK0  00054
_dump_memory_map                                text15       0098D
_enable_smux                                    text26       00AA5
_enable_sp_en                                   text25       00BDD
_enable_sp_en$1194                              cstackBANK0  00025
_eusart1RxLastError                             bssBANK0     00068
_get_channel_data                               text10       00CF9
_get_ticks_with_lock                            text14       00A43
_hexpowers                                      stringtext2  0118D
_i2c_master_init                                text13       009C7
_i2c_slave_init                                 text12       00B19
_i2c_slave_interrupt                            text60       00E72
_i2c_slave_set_register                         text11       00966
_isalpha                                        text5        00ADD
_isalpha$1837                                   cstackBANK0  00020
_isdigit                                        text38       009E6
_isdigit$1803                                   cstackCOMMON 00074
_isprint                                        text17       009F8
_isprint$1806                                   cstackCOMMON 00074
_isspace                                        text4        00A57
_isspace$1840                                   cstackCOMMON 00074
_isupper                                        text6        00A0A
_isupper$1843                                   cstackCOMMON 00074
_main                                           maintext     0028C
_measurement_mode                               bssBANK0     00067
_printf                                         text35       00046
_printf$1520                                    cstackBANK0  0003F
_putch                                          text36       00938
_readSpectralDataOne                            text9        00DE8
_readSpectralDataTwo                            text8        00E2D
_set_AGAIN                                      text32       009D5
_set_ASTEP                                      text31       00A8A
_set_ATIME                                      text30       0095D
_set_F1F4ClearNIR                               text23       00F87
_set_F5F8ClearNIR                               text22       0075E
_set_GPIO_mode                                  text21       00AFA
_set_bank                                       text43       00A6F
_slaveData                                      bssBANK2     00120
_strtol                                         text2        00461
_ticks                                          bssBANK0     00062
_tmr0_init                                      text1        009BA
_toupper                                        text3        00A1C
as7341_config@data                              cstackBANK0  00025
as7341_config@mode                              cstackBANK0  00024
as7341_enableLED@data                           cstackBANK0  00026
as7341_enableLED@data1                          cstackBANK0  00025
as7341_enableLED@state                          cstackBANK0  00024
as7341_i2c_read@buf                             cstackBANK0  00021
as7341_i2c_read@reg                             cstackBANK0  00020
as7341_i2c_write@data                           cstackBANK0  00021
as7341_i2c_write@reg                            cstackBANK0  00020
as7341_i2c_write@value                          cstackCOMMON 00075
as7341_init@as7341_id                           cstackBANK0  0005B
as7341_init@mode                                cstackBANK0  0005A
as7341_power_enable@flag                        cstackBANK0  00050
as7341_power_enable@regVal                      cstackBANK0  00055
as7341_power_enable@state                       cstackBANK0  0004F
as7341_start_measurement@channel                cstackBANK0  0004E
as7341_start_measurement@data                   cstackBANK0  0004F
as7341_write_byte@reg                           cstackBANK0  00020
as7341_write_byte@value                         cstackCOMMON 00075
btemp                                           (abs)        0007E
calculate_diff@diff                             cstackBANK0  00030
calculate_diff@now                              cstackBANK0  00020
calculate_diff@prev_ticks                       cstackBANK0  00024
clear_ram0                                      clrtext      0093E
control_LED@LED                                 cstackBANK0  00026
control_LED@current                             cstackBANK0  00024
control_LED@data                                cstackBANK0  00027
dump_buffer@buffer                              cstackBANK0  00053
dump_buffer@i                                   cstackBANK0  00057
dump_buffer@j                                   cstackBANK0  00059
dump_buffer@p                                   cstackBANK0  00056
dump_buffer@size                                cstackBANK0  0004D
enable_smux@regVal                              cstackBANK0  00023
enable_smux@state                               cstackBANK0  00022
enable_sp_en@regVal                             cstackBANK0  00027
enable_sp_en@state                              cstackBANK0  00024
end_of_initialization                           cinit        00042
get_channel_data@channel                        cstackBANK0  0002A
get_channel_data@channelData                    cstackBANK0  0002B
get_channel_data@data                           cstackBANK0  00026
get_ticks_with_lock@result                      cstackBANK0  00024
i2c_slave_init@i                                cstackCOMMON 00075
i2c_slave_interrupt@isNack                      cstackCOMMON 00072
i2c_slave_interrupt@isRead                      cstackCOMMON 00071
i2c_slave_interrupt@value                       cstackCOMMON 00073
i2c_slave_set_register@registerAddress          cstackCOMMON 00075
i2c_slave_set_register@value                    cstackCOMMON 00074
int$flags                                       (abs)        0007E
intlevel0                                       functab      00000
intlevel1                                       functab      00000
intlevel2                                       functab      00000
intlevel3                                       functab      00000
intlevel4                                       functab      00000
intlevel5                                       functab      00000
isalpha@c                                       cstackBANK0  00021
isdigit@c                                       cstackCOMMON 00075
isprint@c                                       cstackCOMMON 00075
isspace@c                                       cstackCOMMON 00075
isupper@c                                       cstackCOMMON 00075
main@buffer                                     cstackBANK1  000A1
main@data1                                      cstackBANK1  000B5
main@data2                                      cstackBANK1  000A9
main@i                                          cstackBANK1  000A8
main@now                                        cstackBANK1  000A4
main@prev_ticks1                                bssBANK1     000C1
main@value                                      cstackBANK1  000A0
printf@ap                                       cstackBANK0  00046
printf@c                                        cstackBANK0  0004C
printf@cp                                       cstackBANK0  00042
printf@f                                        cstackBANK0  0002C
printf@flag                                     cstackBANK0  00049
printf@idx                                      cstackBANK0  0003E
printf@len                                      cstackBANK0  00047
printf@prec                                     cstackBANK0  00041
printf@val                                      cstackBANK0  00044
printf@width                                    cstackBANK0  0004A
putch@txData                                    cstackCOMMON 00075
readSpectralDataOne@data                        cstackBANK0  0003A
readSpectralDataTwo@data                        cstackBANK0  0003A
reset_vec                                       reset_vec    00000
set_AGAIN@value                                 cstackBANK0  00022
set_ASTEP@high_value                            cstackBANK0  00025
set_ASTEP@low_value                             cstackBANK0  00026
set_ASTEP@value                                 cstackBANK0  00022
set_ATIME@value                                 cstackBANK0  00022
set_GPIO_mode@data                              cstackBANK0  00023
set_GPIO_mode@mode                              cstackBANK0  00022
set_bank@regVal                                 cstackBANK0  00023
set_bank@state                                  cstackBANK0  00022
start                                           init         00020
start_initialization                            cinit        00022
strtol@a                                        cstackBANK0  00035
strtol@base                                     cstackBANK0  0002D
strtol@c                                        cstackBANK0  0003A
strtol@endptr                                   cstackBANK0  0002C
strtol@s                                        cstackBANK0  00039
strtol@sign                                     cstackBANK0  00034
toupper@c                                       cstackCOMMON 00075
wtemp0                                          (abs)        0007E


MODULE INFORMATION

Module		Function		Class		Link	Load	Size
/Applications/microchip/xc8/v2.40/pic/sources/c90/common/isprint.c
		_isprint       		CODE           	09F8	0000	18

/Applications/microchip/xc8/v2.40/pic/sources/c90/common/isprint.c estimated size: 18

/Applications/microchip/xc8/v2.40/pic/sources/c90/common/isalpha.c
		_isalpha       		CODE           	0ADD	0000	29

/Applications/microchip/xc8/v2.40/pic/sources/c90/common/isalpha.c estimated size: 29

as7341_model.c
		_as7341_i2c_read		CODE           	0B58	0000	33
		_as7341_start_measurement		CODE           	0F17	0000	112
		_get_channel_data		CODE           	0CF9	0000	54
		_set_ASTEP     		CODE           	0A8A	0000	27
		_readSpectralDataOne		CODE           	0DE8	0000	69
		_as7341_enableLED		CODE           	0C5C	0000	52
		_as7341_power_enable		CODE           	0DA3	0000	69
		_control_LED   		CODE           	0D2F	0000	55
		_as7341_init   		CODE           	0C2A	0000	50
		_set_bank      		CODE           	0A6F	0000	27
		_as7341_begin  		CODE           	0B9A	0000	33
		_set_F1F4ClearNIR		CODE           	0F87	0000	121
		_as7341_config 		CODE           	07D7	0000	39
		_as7341_i2c_write		CODE           	0B79	0000	33
		_set_GPIO_mode 		CODE           	0AFA	0000	31
		_as7341_write_byte		CODE           	0997	0000	11
		_enable_smux   		CODE           	0AA5	0000	27
		_readSpectralDataTwo		CODE           	0E2D	0000	69
		_enable_sp_en  		CODE           	0BDD	0000	34
		_set_ATIME     		CODE           	095D	0000	9
		_set_F5F8ClearNIR		CODE           	075E	0000	121
		_set_AGAIN     		CODE           	09D5	0000	17
		_as7341_smux_cmd_config		CODE           	0944	0000	7

as7341_model.c estimated size: 1100

mcc_generated_files/pin_manager.c
		_PIN_MANAGER_Initialize		CODE           	0BFF	0000	43

mcc_generated_files/pin_manager.c estimated size: 43

/Applications/microchip/xc8/v2.40/pic/sources/c90/common/strtol.c
		_strtol        		CODE           	0461	0000	266

/Applications/microchip/xc8/v2.40/pic/sources/c90/common/strtol.c estimated size: 266

/Applications/microchip/xc8/v2.40/pic/sources/c90/common/isdigit.c
		_isdigit       		CODE           	09E6	0000	18

/Applications/microchip/xc8/v2.40/pic/sources/c90/common/isdigit.c estimated size: 18

/Applications/microchip/xc8/v2.40/pic/sources/c90/common/doprnt.c
		_printf        		CODE           	0046	0000	582

/Applications/microchip/xc8/v2.40/pic/sources/c90/common/doprnt.c estimated size: 582

/Applications/microchip/xc8/v2.40/pic/sources/c90/common/lwmod.c
		___lwmod       		CODE           	0CC4	0000	53

/Applications/microchip/xc8/v2.40/pic/sources/c90/common/lwmod.c estimated size: 53

i2c_master.c
		_I2C_Write     		CODE           	0A2F	0000	20
		_i2c_master_init		CODE           	09C7	0000	14
		_I2C_Stop      		CODE           	09AE	0000	12
		_I2C_Wait      		CODE           	09A2	0000	12
		_I2C_Read      		CODE           	0AC0	0000	29
		_I2C_Start     		CODE           	0954	0000	9

i2c_master.c estimated size: 96

/Applications/microchip/xc8/v2.40/pic/sources/c90/common/Umul16.c
		___wmul        		CODE           	0B38	0000	32

/Applications/microchip/xc8/v2.40/pic/sources/c90/common/Umul16.c estimated size: 32

eusart1.c
		_EUSART1_Initialize		CODE           	0BBB	0000	34
		_putch         		CODE           	0938	0000	6
		_EUSART1_SetFramingErrorHandler		CODE           	092C	0000	6
		_EUSART1_SetOverrunErrorHandler		CODE           	0932	0000	6
		_EUSART1_SetErrorHandler		CODE           	0926	0000	6
		_EUSART1_Write 		CODE           	0983	0000	10

eusart1.c estimated size: 68

tmr0.c
		_tmr0_init     		CODE           	09BA	0000	13

tmr0.c estimated size: 13

shared
		_dpowers       		STRCODE        	1171	0000	10
		__initialization		CODE           	0022	0000	32
		_hexpowers     		STRCODE        	118D	0000	8

shared estimated size: 50

my_helpers.c
		_dump_buffer   		CODE           	056B	0000	199

my_helpers.c estimated size: 199

mcc_generated_files/mcc.c
		_PMD_Initialize		CODE           	096F	0000	10
		_OSCILLATOR_Initialize		CODE           	094B	0000	9
		_SYSTEM_Initialize		CODE           	0979	0000	10

mcc_generated_files/mcc.c estimated size: 29

i2c_slave.c
		_i2c_slave_interrupt		CODE           	0E72	0000	80
		_i2c_slave_set_register		CODE           	0966	0000	9
		_i2c_slave_init		CODE           	0B19	0000	31
		_dump_memory_map		CODE           	098D	0000	10

i2c_slave.c estimated size: 130

/Applications/microchip/xc8/v2.40/pic/sources/c90/common/Umul32.c
		___lmul        		CODE           	0C90	0000	52

/Applications/microchip/xc8/v2.40/pic/sources/c90/common/Umul32.c estimated size: 52

/Applications/microchip/xc8/v2.40/pic/sources/c90/common/lwdiv.c
		___lwdiv       		CODE           	0D66	0000	61

/Applications/microchip/xc8/v2.40/pic/sources/c90/common/lwdiv.c estimated size: 61

/Applications/microchip/xc8/v2.40/pic/sources/c90/common/isupper.c
		_isupper       		CODE           	0A0A	0000	18

/Applications/microchip/xc8/v2.40/pic/sources/c90/common/isupper.c estimated size: 18

/Applications/microchip/xc8/v2.40/pic/sources/c90/common/toupper.c
		_toupper       		CODE           	0A1C	0000	19

/Applications/microchip/xc8/v2.40/pic/sources/c90/common/toupper.c estimated size: 19

/Applications/microchip/xc8/v2.40/pic/sources/c90/common/isspace.c
		_isspace       		CODE           	0A57	0000	24

/Applications/microchip/xc8/v2.40/pic/sources/c90/common/isspace.c estimated size: 24

main.c
		_main          		CODE           	028C	0000	469
		_INTERRUPT_InterruptManager		CODE           	0004	0000	28
		_calculate_diff		CODE           	0EC2	0000	85
		_get_ticks_with_lock		CODE           	0A43	0000	20

main.c estimated size: 602

